2026-07-15 20:21:57,377 - Login event - Username: Demian, Status: success - INFO
2026-07-15 20:22:15,360 - Login event - Username: Alice, Status: success - INFO
2026-07-15 20:22:15,360 - Login event - Username: Jessika, Status: expired - WARNING
2026-07-15 20:22:15,360 - Login event - Username: Alex, Status: failed - ERROR
2026-07-15 20:22:15,361 - Login event - Username: Alex, Status: expired - WARNING
2026-07-15 20:22:15,361 - Login event - Username: Frank, Status: failed - ERROR
2026-07-15 20:22:15,361 - Login event - Username: Demian, Status: success - INFO
2026-07-15 20:22:16,330 - Login event - Username: Alice, Status: success - INFO
2026-07-15 20:22:16,330 - Login event - Username: Jessika, Status: expired - WARNING
2026-07-15 20:22:16,331 - Login event - Username: Alex, Status: failed - ERROR
2026-07-15 20:22:16,331 - Login event - Username: Alex, Status: expired - WARNING
2026-07-15 20:22:16,331 - Login event - Username: Frank, Status: failed - ERROR
2026-07-15 20:22:16,332 - Login event - Username: Demian, Status: success - INFO
2026-07-15 20:22:17,269 - Login event - Username: Alice, Status: success - INFO
2026-07-15 20:22:17,269 - Login event - Username: Jessika, Status: expired - WARNING
2026-07-15 20:22:17,269 - Login event - Username: Alex, Status: failed - ERROR
2026-07-15 20:22:17,269 - Login event - Username: Alex, Status: expired - WARNING
2026-07-15 20:22:17,270 - Login event - Username: Frank, Status: failed - ERROR
2026-07-15 20:22:17,270 - Login event - Username: Demian, Status: success - INFO
2026-07-15 20:22:45,804 - Login event - Username: Alice, Status: success - INFO
2026-07-15 20:22:45,805 - Login event - Username: Jessika, Status: expired - WARNING
2026-07-15 20:22:45,805 - Login event - Username: Alex, Status: failed - ERROR
2026-07-15 20:22:45,806 - Login event - Username: Alex, Status: expired - WARNING
2026-07-15 20:22:45,806 - Login event - Username: Frank, Status: failed - ERROR
2026-07-15 20:22:45,806 - Login event - Username: Demian, Status: success - INFO
2026-07-15 20:22:46,815 - Login event - Username: Alice, Status: success - INFO
2026-07-15 20:22:46,815 - Login event - Username: Jessika, Status: expired - WARNING
2026-07-15 20:22:46,815 - Login event - Username: Alex, Status: failed - ERROR
2026-07-15 20:22:46,816 - Login event - Username: Alex, Status: expired - WARNING
2026-07-15 20:22:46,817 - Login event - Username: Frank, Status: failed - ERROR
2026-07-15 20:22:46,817 - Login event - Username: Demian, Status: success - INFO
2026-07-15 20:24:07,376 - Login event - Username: Alice, Status: success - INFO
2026-07-15 20:24:07,377 - Login event - Username: Jessika, Status: expired - WARNING
2026-07-15 20:24:07,377 - Login event - Username: Alex, Status: failed - ERROR
2026-07-15 20:24:07,378 - Login event - Username: Alex, Status: expired - WARNING
2026-07-15 20:24:07,378 - Login event - Username: Frank, Status: failed - ERROR
2026-07-15 20:24:07,378 - Login event - Username: Demian, Status: success - INFO
2026-07-15 20:24:26,697 - Login event - Username: Alice, Status: success - INFO
2026-07-15 20:24:26,697 - Login event - Username: Jessika, Status: expired - WARNING
2026-07-15 20:24:26,697 - Login event - Username: Alex, Status: failed - ERROR
2026-07-15 20:24:26,698 - Login event - Username: Alex, Status: expired - WARNING
2026-07-15 20:24:26,699 - Login event - Username: Frank, Status: failed - ERROR
2026-07-15 20:24:26,700 - Login event - Username: Demian, Status: success - INFO
2026-07-15 20:24:39,320 - Login event - Username: Alice, Status: success - INFO
2026-07-15 20:24:39,320 - Login event - Username: Jessika, Status: expired - WARNING
2026-07-15 20:24:39,320 - Login event - Username: Alex, Status: failed - ERROR
2026-07-15 20:24:39,321 - Login event - Username: Alex, Status: expired - WARNING
2026-07-15 20:24:39,322 - Login event - Username: Frank, Status: failed - ERROR
2026-07-15 20:24:39,322 - Login event - Username: Demian, Status: success - INFO
2026-07-15 20:25:28,928 - Login event - Username: Alice, Status: success - INFO
2026-07-15 20:25:28,928 - Login event - Username: Jessika, Status: expired - WARNING
2026-07-15 20:25:28,928 - Login event - Username: Alex, Status: failed - ERROR
2026-07-15 20:25:28,929 - Login event - Username: Alex, Status: expired - WARNING
2026-07-15 20:25:28,930 - Login event - Username: Frank, Status: failed - ERROR
2026-07-15 20:25:28,930 - Login event - Username: Demian, Status: success - INFO
2026-07-15 20:25:42,775 - Login event - Username: Alice, Status: success - INFO
2026-07-15 20:25:42,776 - Login event - Username: Jessika, Status: expired - WARNING
2026-07-15 20:25:42,776 - Login event - Username: Alex, Status: failed - ERROR
2026-07-15 20:25:42,777 - Login event - Username: Demian, Status: success - INFO
2026-07-15 20:25:45,165 - Login event - Username: Alice, Status: success - INFO
2026-07-15 20:25:45,165 - Login event - Username: Jessika, Status: expired - WARNING
2026-07-15 20:25:45,165 - Login event - Username: Alex, Status: failed - ERROR
2026-07-15 20:25:45,166 - Login event - Username: Alex, Status: expired - WARNING
2026-07-15 20:25:50,764 - Login event - Username: Alice, Status: success - INFO
2026-07-15 20:25:50,764 - Login event - Username: Jessika, Status: expired - WARNING
2026-07-15 20:25:50,764 - Login event - Username: Alex, Status: failed - ERROR
2026-07-15 20:25:50,765 - Login event - Username: Alex, Status: expired - WARNING
2026-07-15 20:26:03,607 - Login event - Username: Alice, Status: success - INFO
2026-07-15 20:26:03,607 - Login event - Username: Jessika, Status: expired - WARNING
2026-07-15 20:26:03,607 - Login event - Username: Alex, Status: failed - ERROR
2026-07-15 20:26:03,608 - Login event - Username: Alex, Status: expired - WARNING
2026-07-15 20:26:12,775 - Login event - Username: Alice, Status: success - INFO
2026-07-15 20:26:12,776 - Login event - Username: Jessika, Status: expired - WARNING
2026-07-15 20:26:12,776 - Login event - Username: Alex, Status: failed - ERROR
2026-07-15 20:26:12,777 - Login event - Username: Alex, Status: expired - WARNING
2026-07-15 20:26:18,240 - Login event - Username: Alice, Status: success - INFO
2026-07-15 20:26:18,240 - Login event - Username: Jessika, Status: expired - WARNING
2026-07-15 20:26:18,241 - Login event - Username: Alex, Status: failed - ERROR
2026-07-15 20:26:18,243 - Login event - Username: Alex, Status: expired - WARNING
2026-07-15 20:26:21,326 - Login event - Username: Alice, Status: success - INFO
2026-07-15 20:26:21,326 - Login event - Username: Jessika, Status: expired - WARNING
2026-07-15 20:26:21,326 - Login event - Username: Alex, Status: failed - ERROR
2026-07-15 20:26:21,327 - Login event - Username: Alex, Status: expired - WARNING
2026-07-15 20:26:25,931 - Login event - Username: Alice, Status: success - INFO
2026-07-15 20:26:25,931 - Login event - Username: Jessika, Status: expired - WARNING
2026-07-15 20:26:25,931 - Login event - Username: Alex, Status: failed - ERROR
2026-07-15 20:26:25,932 - Login event - Username: Alex, Status: expired - WARNING
2026-07-15 20:27:22,386 - Login event - Username: Alice, Status: success - INFO
2026-07-15 20:27:22,386 - Login event - Username: Jessika, Status: expired - WARNING
2026-07-15 20:27:22,386 - Login event - Username: Alex, Status: failed - ERROR
2026-07-15 20:27:22,388 - Login event - Username: Alex, Status: expired - WARNING
2026-07-15 20:27:46,617 - Login event - Username: Alice, Status: success - INFO
2026-07-15 20:27:46,617 - Login event - Username: Jessika, Status: expired - WARNING
2026-07-15 20:27:46,617 - Login event - Username: Alex, Status: failed - ERROR
2026-07-15 20:27:46,618 - Login event - Username: Alex, Status: expired - WARNING
2026-07-15 20:28:41,081 - Login event - Username: Alice, Status: success - INFO
2026-07-15 20:28:41,081 - Login event - Username: Jessika, Status: expired - WARNING
2026-07-15 20:28:41,081 - Login event - Username: Alex, Status: failed - ERROR
2026-07-15 20:28:41,082 - Login event - Username: Alex, Status: expired - WARNING
2026-07-15 20:29:10,968 - Login event - Username: Alice, Status: success - INFO
2026-07-15 20:29:10,968 - Login event - Username: Jessika, Status: expired - WARNING
2026-07-15 20:29:10,968 - Login event - Username: Alex, Status: failed - ERROR
2026-07-15 20:29:10,969 - Login event - Username: Alex, Status: expired - WARNING
2026-07-15 20:29:24,970 - Login event - Username: Alice, Status: success - INFO
2026-07-15 20:29:24,970 - Login event - Username: Jessika, Status: expired - WARNING
2026-07-15 20:29:24,970 - Login event - Username: Alex, Status: failed - ERROR
2026-07-15 20:29:24,971 - Login event - Username: Alex, Status: expired - WARNING
2026-07-15 20:29:40,669 - Login event - Username: Alice, Status: success - INFO
2026-07-15 20:29:40,669 - Login event - Username: Jessika, Status: expired - WARNING
2026-07-15 20:29:40,669 - Login event - Username: Alex, Status: failed - ERROR
2026-07-15 20:29:40,670 - Login event - Username: Alex, Status: expired - WARNING
2026-07-15 20:30:03,169 - Login event - Username: Alice, Status: success - INFO
2026-07-15 20:30:03,169 - Login event - Username: Jessika, Status: expired - WARNING
2026-07-15 20:30:03,169 - Login event - Username: Alex, Status: failed - ERROR
2026-07-15 20:30:03,170 - Login event - Username: Alex, Status: expired - WARNING
2026-07-15 20:30:07,596 - Login event - Username: Alice, Status: success - INFO
2026-07-15 20:30:07,596 - Login event - Username: Jessika, Status: expired - WARNING
2026-07-15 20:30:07,596 - Login event - Username: Alex, Status: failed - ERROR
2026-07-15 20:30:07,597 - Login event - Username: Alex, Status: expired - WARNING
2026-07-15 20:30:51,132 - Login event - Username: Alex, Status: expired - WARNING
2026-07-15 20:30:52,027 - Login event - Username: Alex, Status: expired - WARNING
2026-07-15 20:30:55,164 - Login event - Username: Alex, Status: expired - WARNING
2026-07-15 20:31:10,833 - Login event - Username: Alex, Status: expired - WARNING
2026-07-15 20:31:10,834 - Login event - Username: Frank, Status: failed - ERROR
2026-07-15 20:31:10,834 - Login event - Username: Demian, Status: success - INFO
2026-07-15 20:31:24,180 - Login event - Username: Demian, Status: success - INFO
2026-07-15 20:31:33,188 - Login event - Username: Demian, Status: success - INFO
2026-07-15 20:31:36,972 - Login event - Username: Demian, Status: success - INFO
2026-07-15 20:32:36,925 - Login event - Username: Demian, Status: success - INFO
2026-07-15 20:32:38,132 - Login event - Username: Demian, Status: success - INFO
2026-07-15 20:32:40,971 - Login event - Username: Alex, Status: expired - WARNING
2026-07-15 20:32:40,971 - Login event - Username: Frank, Status: failed - ERROR
2026-07-15 20:32:40,972 - Login event - Username: Demian, Status: success - INFO
2026-07-15 20:32:47,779 - Login event - Username: Alex, Status: expired - WARNING
2026-07-15 20:32:47,779 - Login event - Username: Frank, Status: failed - ERROR
2026-07-15 20:32:47,779 - Login event - Username: Demian, Status: success - INFO
2026-07-15 20:32:48,882 - Login event - Username: Alex, Status: expired - WARNING
2026-07-15 20:32:48,883 - Login event - Username: Frank, Status: failed - ERROR
2026-07-15 20:32:48,883 - Login event - Username: Demian, Status: success - INFO
2026-07-15 20:33:03,722 - Login event - Username: Alex, Status: expired - WARNING
2026-07-15 20:33:03,723 - Login event - Username: Frank, Status: failed - ERROR
2026-07-15 20:33:03,723 - Login event - Username: Demian, Status: success - INFO
2026-07-15 20:33:17,515 - Login event - Username: Alex, Status: expired - WARNING
2026-07-15 20:33:17,515 - Login event - Username: Frank, Status: failed - ERROR
2026-07-15 20:33:17,515 - Login event - Username: Demian, Status: success - INFO
2026-07-15 20:35:27,975 - Login event - Username: Alex, Status: expired - WARNING
2026-07-15 20:35:27,975 - Login event - Username: Frank, Status: failed - ERROR
2026-07-15 20:35:27,975 - Login event - Username: Demian, Status: success - INFO
2026-07-26 15:38:50,409 - Login event - Username: Alex, Status: expired - WARNING
2026-07-26 15:38:50,409 - Login event - Username: Frank, Status: failed - ERROR
2026-07-26 15:38:50,410 - Login event - Username: Demian, Status: success - INFO
